["[starsdarkskytreesthoughtjewelsdwarvesshiningdarkcavernssuddenlywoodwaterflameleaptup—probablylightingwood-fire—andthoughtplunderingdragonssettlingquiethillkindlingflamesshudderedquicklyplainmrbagginsbag-endunder-hill]"]