["general","kenobi","years","ago","served","father","clone","wars","begs","struggle","empire","regret","unable","present","father's","request","person","ship","fallen","attack","afraid","mission","bring","alderaan","failed","information","vital","survival","rebellion","memory","systems","r2","unit","father","retrieve","droid","safely","delivered","alderaan","desperate","hour","obi-wan","kenobi","hope"]