["{baggins[starsdarkskytreesthoughtjewelsdwarvesshiningdarkcavernssuddenlywoodwaterflameleaptup—probablylightingwood-fire—andthoughtplunderingdragonssettlingquiethillkindlingflamesshudderedquicklyplainmrbagginsbag-endunder-hill]obama[presidentobamawokemondayfacingcongressionaldefeatpartiesbelievedhobblepresidency]kenobi[generalkenobiyearsagoservedfatherclonewarsbegsstruggleempireregretunablepresentfather'srequestpersonshipfallenattackafraidmissionbringalderaanfailedinformationvitalsurvivalrebellionmemorysystemsr2unitfatherretrievedroidsafelydeliveredalderaandesperatehourobi-wankenobihope]}"]