["{test/data/baggins[starsdarkskytreesthoughtjewelsdwarvesshiningdarkcavernssuddenlywoodwaterflameleaptup—probablylightingwood-fire—andthoughtplunderingdragonssettlingquiethillkindlingflamesshudderedquicklyplainmrbagginsbag-endunder-hill]test/data/obama[presidentobamawokemondayfacingcongressionaldefeatpartiesbelievedhobblepresidency]test/data/subfolder/kenobi[generalkenobiyearsagoservedfatherclonewarsbegsstruggleempireregretunablepresentfather'srequestpersonshipfallenattackafraidmissionbringalderaanfailedinformationvitalsurvivalrebellionmemorysystemsr2unitfatherretrievedroidsafelydeliveredalderaandesperatehourobi-wankenobihope]}"]