["{test/data/baggins[starsdarkskytreesthoughtjewelsdwarvesshiningcavernssuddenlywoodwaterflameleaptup—probablylightingwood-fire—andplunderingdragonssettlingquiethillkindlingflamesshudderedquicklyplainmrbagginsbag-endunder-hill]}"]