["[generalkenobiyearsagoservedfatherclonewarsbegsstruggleempireregretunablepresentfather'srequestpersonshipfallenattackafraidmissionbringalderaanfailedinformationvitalsurvivalrebellionmemorysystemsr2unitfatherretrievedroidsafelydeliveredalderaandesperatehourobi-wankenobihope]"]