["president","obama","woke","monday","facing","congressional","defeat","parties","believed","hobble","presidency"]