{"test/data/baggins":["stars","dark","sky","trees","thought","jewels","dwarves","shining","dark","caverns","suddenly","wood","water","flame","leapt","up—probably","lighting","wood-fire—and","thought","plundering","dragons","settling","quiet","hill","kindling","flames","shuddered","quickly","plain","mr","baggins","bag-end","under-hill"],"test/data/obama":["president","obama","woke","monday","facing","congressional","defeat","parties","believed","hobble","presidency"],"test/data/subfolder/kenobi":["general","kenobi","years","ago","served","father","clone","wars","begs","struggle","empire","regret","unable","present","father's","request","person","ship","fallen","attack","afraid","mission","bring","alderaan","failed","information","vital","survival","rebellion","memory","systems","r2","unit","father","retrieve","droid","safely","delivered","alderaan","desperate","hour","obi-wan","kenobi","hope"]}