{"test/data/baggins":["stars","dark","sky","trees","thought","jewels","dwarves","shining","caverns","suddenly","wood","water","flame","leapt","up—probably","lighting","wood-fire—and","plundering","dragons","settling","quiet","hill","kindling","flames","shuddered","quickly","plain","mr","baggins","bag-end","under-hill"]}